xacro: in-order processing became default in ROS Melodic. You can drop the option.
[31m[ERROR] [1788889416.804607448, 0.196000000]: GetModelState: model [a1_gazebo] does not exist[0m
[0m[INFO] [1788889415.471610742]: Finished loading Gazebo ROS API Plugin.[0m
[0m[INFO] [1788889415.472917884]: waitForService: Service [/gazebo/set_physics_properties] has not been advertised, waiting...[0m
[0m[INFO] [1788889416.599420943]: waitForService: Service [/gazebo/set_physics_properties] is now available.[0m
[0m[INFO] [1788889416.628211297, 0.024000000]: Physics dynamic reconfigure ready.[0m
[0m[INFO] [1788889417.117138727, 0.400000000]: <initialOrientationAsReference> is unset, using default value of false to comply with REP 145 (world as orientation reference)[0m
[0m[INFO] [1788889417.117184456, 0.400000000]: <robotNamespace> set to: //[0m
[0m[INFO] [1788889417.117194023, 0.400000000]: <topicName> set to: trunk_imu[0m
[0m[INFO] [1788889417.117202566, 0.400000000]: <frameName> set to: imu_link[0m
[0m[INFO] [1788889417.117222532, 0.400000000]: <updateRateHZ> set to: 1000[0m
[0m[INFO] [1788889417.117231573, 0.400000000]: <gaussianNoise> set to: 0[0m
[0m[INFO] [1788889417.117249846, 0.400000000]: <xyzOffset> set to: 0 0 0[0m
[0m[INFO] [1788889417.117267121, 0.400000000]: <rpyOffset> set to: 0 -0 0[0m
[0m[INFO] [1788889422.812254881, 0.400000000]: load csv file name:/workspace/SimEnv/src/unitree_guide/unitree_ros/robots/a1_description/scan_mode/mid360.csv[0m
cannot convert str:
data size:800000
[INFO] [1788889415.311897, 0.000000]: Loading model XML from ros parameter robot_description
[INFO] [1788889415.318829, 0.000000]: Waiting for service /gazebo/spawn_urdf_model
[INFO] [1788889416.825397, 0.218000]: Calling service /gazebo/spawn_urdf_model
[INFO] [1788889426.805279, 0.400000]: Spawn status: SpawnModel: Successfully spawned entity
[INFO] [1788889426.806753, 0.400000]: Waiting for service /gazebo/set_model_configuration
[INFO] [1788889426.808936, 0.400000]: temporary hack to **fix** the -J joint position option (issue #93), sleeping for 1 second to avoid race condition.
[INFO] [1788889427.810878, 0.402000]: Calling service /gazebo/set_model_configuration
[INFO] [1788889428.122333, 0.402000]: Set model configuration status: SetModelConfiguration: success
[INFO] [1788889415.324182, 0.000000]: Blind range : 0.5 m
[INFO] [1788889415.325713, 0.000000]: Angle filter : -7 ~ 55 deg
[INFO] [1788889415.327216, 0.000000]: Use ground-truth odom for /livox/Pointcloud2: True
[INFO] [1788889415.331305, 0.000000]: === Pointcloud2livox STARTED ===
[INFO] [1788889415.332022, 0.000000]: Local sensor frame: laser_livox
[INFO] [1788889415.332472, 0.000000]: Odom topic : /Odometry_gazebo
